BEGIN 1:cpu_soc_ram_top:fast:work
    mem_wstrb :  1:tb_top:fast:work
    m_ready :  1:tb_top:fast:work
    mem_valid :  1:tb_top:fast:work
    m_wdata :  1:tb_top:fast:work
    m_strb :  1:tb_top:fast:work
    mem_wdata :  1:tb_top:fast:work
    ram_ready :  1:tb_top:fast:work
    m_write :  1:tb_top:fast:work
    ram_strb :  1:tb_top:fast:work
    m_addr :  1:tb_top:fast:work
    ram_addr :  1:tb_top:fast:work
    m_rdata :  1:tb_top:fast:work
    mem_addr :  1:tb_top:fast:work
    ram_write :  1:tb_top:fast:work
    m_valid :  1:tb_top:fast:work
    ram_valid :  1:tb_top:fast:work
    ram_wdata :  1:tb_top:fast:work
END 
BEGIN 1:picorv32a:fast:work
    reg_pc :  1:tb_top:fast:work
    cpuregs_wrdata :  1:tb_top:fast:work
    mem_rdata :  1:tb_top:fast:work
    cpuregs_write :  1:tb_top:fast:work
    cpuregs :  1:tb_top:fast:work
    latched_rd :  1:tb_top:fast:work
END 
BEGIN 1:soc_ram:fast:work
    mem :  1:tb_top:fast:work
END 
